/home/daniw/data/studium/sem6/add/edk/IVK_HW/t01_hello/implementation/system.ngc 1426872356
/home/daniw/data/studium/sem6/add/edk/IVK_HW/t01_hello/implementation/push_buttons_3bit_wrapper.ngc 1426872288
/home/daniw/data/studium/sem6/add/edk/IVK_HW/t01_hello/implementation/rs232_usb_wrapper.ngc 1426872272
/home/daniw/data/studium/sem6/add/edk/IVK_HW/t01_hello/implementation/clock_generator_0_wrapper.ngc 1426872339
/home/daniw/data/studium/sem6/add/edk/IVK_HW/t01_hello/implementation/proc_sys_reset_0_wrapper.ngc 1426872321
/home/daniw/data/studium/sem6/add/edk/IVK_HW/t01_hello/implementation/microblaze_0_wrapper.ngc 1426872327
/home/daniw/data/studium/sem6/add/edk/IVK_HW/t01_hello/implementation/mb_plb_wrapper.ngc 1426872229
/home/daniw/data/studium/sem6/add/edk/IVK_HW/t01_hello/implementation/ilmb_wrapper.ngc 1426872331
/home/daniw/data/studium/sem6/add/edk/IVK_HW/t01_hello/implementation/dlmb_wrapper.ngc 1426872335
/home/daniw/data/studium/sem6/add/edk/IVK_HW/t01_hello/implementation/dlmb_cntlr_wrapper.ngc 1426872249
/home/daniw/data/studium/sem6/add/edk/IVK_HW/t01_hello/implementation/ilmb_cntlr_wrapper.ngc 1426872256
/home/daniw/data/studium/sem6/add/edk/IVK_HW/t01_hello/implementation/leds_8bit_wrapper.ngc 1426872280
/home/daniw/data/studium/sem6/add/edk/IVK_HW/t01_hello/implementation/xps_timer_0_wrapper.ngc 1426872297
/home/daniw/data/studium/sem6/add/edk/IVK_HW/t01_hello/implementation/mdm_0_wrapper.ngc 1426872313
/home/daniw/data/studium/sem6/add/edk/IVK_HW/t01_hello/implementation/lmb_bram_wrapper.ngc 1426872263
OK
